*** Using Compiler 'V5.06 update 5 (build 528)', folder: 'C:\Keil_v5\ARM\ARMCC\Bin'
Rebuild target 'Target 1'
assembling startup_ARMCM3.s...
compiling main.c...
compiling list.c...
compiling task.c...
..\freertos\Source\task.c(400): warning:  #550-D: variable "pxTCB"  was set but never used
  	TCB_t *pxTCB = NULL;
..\freertos\Source\task.c(504): warning:  #223-D: function "vPortEnterCritical" declared implicitly
  	
askENTER_CRITICAL();
..\freertos\Source\task.c(530): warning:  #223-D: function "vPortExitCritical" declared implicitly
  	
askEXIT_CRITICAL();
..\freertos\Source\task.c(6): warning:  #550-D: variable "xIdleTaskHandle"  was set but never used
  static TaskHandle_t xIdleTaskHandle					= NULL;
..\freertos\Source\task.c: 4 warnings, 0 errors
compiling system_ARMCM3.c...
compiling port.c...
linking...
Program Size: Code=2192 RO-data=224 RW-data=60 ZI-data=6588  
".\Objects\Fire_FreeRTOS.axf" - 0 Error(s), 4 Warning(s).
Build Time Elapsed:  00:00:00
